Archive member included because of file (symbol)

c:/coocox/coide/arm-none-eabi-gcc-4_8/bin/../lib/gcc/arm-none-eabi/4.8.4/armv6-m\libgcc.a(_udivsi3.o)
                              ..\obj\stm32f0xx_hal.o (__aeabi_uidiv)
c:/coocox/coide/arm-none-eabi-gcc-4_8/bin/../lib/gcc/arm-none-eabi/4.8.4/armv6-m\libgcc.a(_divsi3.o)
                              ..\obj\utility.o (__aeabi_idivmod)
c:/coocox/coide/arm-none-eabi-gcc-4_8/bin/../lib/gcc/arm-none-eabi/4.8.4/armv6-m\libgcc.a(_dvmd_tls.o)
                              c:/coocox/coide/arm-none-eabi-gcc-4_8/bin/../lib/gcc/arm-none-eabi/4.8.4/armv6-m\libgcc.a(_udivsi3.o) (__aeabi_idiv0)
c:/coocox/coide/arm-none-eabi-gcc-4_8/bin/../lib/gcc/arm-none-eabi/4.8.4/armv6-m\libgcc.a(mulsf3.o)
                              ..\obj\mlx90363.o (__aeabi_fmul)
c:/coocox/coide/arm-none-eabi-gcc-4_8/bin/../lib/gcc/arm-none-eabi/4.8.4/armv6-m\libgcc.a(floatsisf.o)
                              ..\obj\mlx90363.o (__aeabi_i2f)
c:/coocox/coide/arm-none-eabi-gcc-4_8/bin/../lib/gcc/arm-none-eabi/4.8.4/armv6-m\libgcc.a(_clzsi2.o)
                              c:/coocox/coide/arm-none-eabi-gcc-4_8/bin/../lib/gcc/arm-none-eabi/4.8.4/armv6-m\libgcc.a(mulsf3.o) (__clzsi2)
c:/coocox/coide/arm-none-eabi-gcc-4_8/bin/../lib/gcc/arm-none-eabi/4.8.4/../../../../arm-none-eabi/lib/armv6-m\libg_s.a(lib_a-memcpy-stub.o)
                              ..\obj\utility.o (memcpy)
c:/coocox/coide/arm-none-eabi-gcc-4_8/bin/../lib/gcc/arm-none-eabi/4.8.4/../../../../arm-none-eabi/lib/armv6-m\libg_s.a(lib_a-strlen.o)
                              ..\obj\uart_queue.o (strlen)
c:/coocox/coide/arm-none-eabi-gcc-4_8/bin/../lib/gcc/arm-none-eabi/4.8.4/../../../../arm-none-eabi/lib/armv6-m\libg_s.a(lib_a-strncpy.o)
                              ..\obj\uart_queue.o (strncpy)
c:/coocox/coide/arm-none-eabi-gcc-4_8/bin/../lib/gcc/arm-none-eabi/4.8.4/../../../../arm-none-eabi/lib/armv6-m\libg_s.a(lib_a-vfprintf_float.o)
                              (_printf_float)
c:/coocox/coide/arm-none-eabi-gcc-4_8/bin/../lib/gcc/arm-none-eabi/4.8.4/../../../../arm-none-eabi/lib/armv6-m\libg_s.a(lib_a-vfprintf_i.o)
                              c:/coocox/coide/arm-none-eabi-gcc-4_8/bin/../lib/gcc/arm-none-eabi/4.8.4/../../../../arm-none-eabi/lib/armv6-m\libg_s.a(lib_a-vfprintf_float.o) (_printf_common)
c:/coocox/coide/arm-none-eabi-gcc-4_8/bin/../lib/gcc/arm-none-eabi/4.8.4/../../../../arm-none-eabi/lib/armv6-m\libg_s.a(lib_a-dtoa.o)
                              c:/coocox/coide/arm-none-eabi-gcc-4_8/bin/../lib/gcc/arm-none-eabi/4.8.4/../../../../arm-none-eabi/lib/armv6-m\libg_s.a(lib_a-vfprintf_float.o) (_dtoa_r)
c:/coocox/coide/arm-none-eabi-gcc-4_8/bin/../lib/gcc/arm-none-eabi/4.8.4/../../../../arm-none-eabi/lib/armv6-m\libg_s.a(lib_a-locale.o)
                              c:/coocox/coide/arm-none-eabi-gcc-4_8/bin/../lib/gcc/arm-none-eabi/4.8.4/../../../../arm-none-eabi/lib/armv6-m\libg_s.a(lib_a-vfprintf_float.o) (_localeconv_r)
c:/coocox/coide/arm-none-eabi-gcc-4_8/bin/../lib/gcc/arm-none-eabi/4.8.4/../../../../arm-none-eabi/lib/armv6-m\libg_s.a(lib_a-malloc.o)
                              c:/coocox/coide/arm-none-eabi-gcc-4_8/bin/../lib/gcc/arm-none-eabi/4.8.4/../../../../arm-none-eabi/lib/armv6-m\libg_s.a(lib_a-dtoa.o) (malloc)
c:/coocox/coide/arm-none-eabi-gcc-4_8/bin/../lib/gcc/arm-none-eabi/4.8.4/../../../../arm-none-eabi/lib/armv6-m\libg_s.a(lib_a-mprec.o)
                              c:/coocox/coide/arm-none-eabi-gcc-4_8/bin/../lib/gcc/arm-none-eabi/4.8.4/../../../../arm-none-eabi/lib/armv6-m\libg_s.a(lib_a-dtoa.o) (_Balloc)
c:/coocox/coide/arm-none-eabi-gcc-4_8/bin/../lib/gcc/arm-none-eabi/4.8.4/../../../../arm-none-eabi/lib/armv6-m\libg_s.a(lib_a-nano-callocr.o)
                              c:/coocox/coide/arm-none-eabi-gcc-4_8/bin/../lib/gcc/arm-none-eabi/4.8.4/../../../../arm-none-eabi/lib/armv6-m\libg_s.a(lib_a-mprec.o) (_calloc_r)
c:/coocox/coide/arm-none-eabi-gcc-4_8/bin/../lib/gcc/arm-none-eabi/4.8.4/../../../../arm-none-eabi/lib/armv6-m\libg_s.a(lib_a-nano-freer.o)
                              c:/coocox/coide/arm-none-eabi-gcc-4_8/bin/../lib/gcc/arm-none-eabi/4.8.4/../../../../arm-none-eabi/lib/armv6-m\libg_s.a(lib_a-malloc.o) (_free_r)
c:/coocox/coide/arm-none-eabi-gcc-4_8/bin/../lib/gcc/arm-none-eabi/4.8.4/../../../../arm-none-eabi/lib/armv6-m\libg_s.a(lib_a-nano-mallocr.o)
                              c:/coocox/coide/arm-none-eabi-gcc-4_8/bin/../lib/gcc/arm-none-eabi/4.8.4/../../../../arm-none-eabi/lib/armv6-m\libg_s.a(lib_a-malloc.o) (_malloc_r)
c:/coocox/coide/arm-none-eabi-gcc-4_8/bin/../lib/gcc/arm-none-eabi/4.8.4/../../../../arm-none-eabi/lib/armv6-m\libg_s.a(lib_a-s_fpclassify.o)
                              c:/coocox/coide/arm-none-eabi-gcc-4_8/bin/../lib/gcc/arm-none-eabi/4.8.4/../../../../arm-none-eabi/lib/armv6-m\libg_s.a(lib_a-vfprintf_float.o) (__fpclassifyd)
[...]
Memory Configuration

Name             Origin             Length             Attributes
rom              0x08000000         0x0000fc00         xr
rom1             0x0800fc00         0x00000400         xr
ram              0x20000000         0x00002000         xrw
*default*        0x00000000         0xffffffff

Linker script and memory map

                0x20002000                _eram = 0x20002000

.text           0x08000000     0xa844
 *(.isr_vector)
 .isr_vector    0x08000000       0xc4 ..\obj\startup_stm32f0xx.o
                0x08000000                g_pfnVectors
 *(.text*)
 .text.HAL_WWDG_Init
                0x080000c4       0x70 ..\obj\stm32f0xx_hal_wwdg.o
                0x080000c4                HAL_WWDG_Init
 .text.HAL_WWDG_Start
                0x08000134       0x48 ..\obj\stm32f0xx_hal_wwdg.o
                0x08000134                HAL_WWDG_Start
 .text.HAL_WWDG_Refresh
                0x0800017c       0x50 ..\obj\stm32f0xx_hal_wwdg.o
                0x0800017c                HAL_WWDG_Refresh
 .text.HAL_WWDG_IRQHandler
                0x080001cc       0x48 ..\obj\stm32f0xx_hal_wwdg.o
                0x080001cc                HAL_WWDG_IRQHandler
 .text.HAL_WWDG_WakeupCallback
                0x08000214       0x10 ..\obj\stm32f0xx_hal_wwdg.o
                0x08000214                HAL_WWDG_WakeupCallback
 .text.get_up   0x08000224       0x64 ..\obj\utility.o
                0x08000224                get_up
 .text.delayUS  0x08000288       0x64 ..\obj\utility.o
                0x08000288                delayUS
 .text.charToHexDigit
                0x080002ec       0x30 ..\obj\utility.o
                0x080002ec                charToHexDigit
 .text.hexDigitToChar
                0x0800031c       0x30 ..\obj\utility.o
                0x0800031c                hexDigitToChar
 .text.process_uart_command
                0x0800034c      0x5a4 ..\obj\utility.o
                0x0800034c                process_uart_command
 .text.create_up_messageZ
                0x080008f0       0x34 ..\obj\utility.o
                0x080008f0                create_up_messageZ
 .text.create_up_message
                0x08000924       0xc4 ..\obj\utility.o
                0x08000924                create_up_message
 .text.is_splitter
                0x080009e8       0x28 ..\obj\utility.o
                0x080009e8                is_splitter
 .text.is_joint
                0x08000a10       0x28 ..\obj\utility.o
                0x08000a10                is_joint
 .text.reset_joint
                0x08000a38       0xe4 ..\obj\utility.o
                0x08000a38                reset_joint
 .text.LED_init
                0x08000b1c       0x40 ..\obj\utility.o
                0x08000b1c                LED_init
 .text.led_set  0x08000b5c       0x74 ..\obj\utility.o
                0x08000b5c                led_set
 .text.set_in_Flash
                0x08000bd0       0xb0 ..\obj\utility.o
                0x08000bd0                set_in_Flash
 .text.get_from_Flash
                0x08000c80       0x20 ..\obj\utility.o
                0x08000c80                get_from_Flash
 .text.part_init
                0x08000ca0      0x29c ..\obj\utility.o
                0x08000ca0                part_init
 .text.update_sensor_messages
                0x08000f3c      0x2d0 ..\obj\utility.o
                0x08000f3c                update_sensor_messages
 .text.HAL_RCC_GetHCLKFreq
                0x0800120c       0x34 ..\obj\stm32f0xx_hal_rcc.o
                0x0800120c                HAL_RCC_GetHCLKFreq
 .text.HAL_RCC_GetPCLK1Freq
                0x08001240       0x30 ..\obj\stm32f0xx_hal_rcc.o
                0x08001240                HAL_RCC_GetPCLK1Freq
 .text.HAL_Init
                0x08001270       0x28 ..\obj\stm32f0xx_hal.o
                0x08001270                HAL_Init
 .text.HAL_InitTick
                0x08001298       0x3c ..\obj\stm32f0xx_hal.o
                0x08001298                HAL_InitTick
 .text.HAL_IncTick
                0x080012d4       0x18 ..\obj\stm32f0xx_hal.o
                0x080012d4                HAL_IncTick
 .text.HAL_GetTick
                0x080012ec       0x14 ..\obj\stm32f0xx_hal.o
                0x080012ec                HAL_GetTick
 .text.MPX_UART_Open
                0x08001300       0x5c ..\obj\74HC4051D.o
                0x08001300                MPX_UART_Open
 .text.MPX_UART_Init
                0x0800135c       0x34 ..\obj\74HC4051D.o
                0x0800135c                MPX_UART_Init
 .text.MPX_UART_ONOFF
                0x08001390       0x38 ..\obj\74HC4051D.o
                0x08001390                MPX_UART_ONOFF
 .text.HAL_HalfDuplex_Init
                0x080013c8       0xb4 ..\obj\stm32f0xx_hal_uart.o
                0x080013c8                HAL_HalfDuplex_Init
 .text.HAL_UART_Transmit
                0x0800147c      0x140 ..\obj\stm32f0xx_hal_uart.o
                0x0800147c                HAL_UART_Transmit
 .text.HAL_UART_Transmit_DMA
                0x080015bc       0xf0 ..\obj\stm32f0xx_hal_uart.o
                0x080015bc                HAL_UART_Transmit_DMA
 .text.HAL_UART_Receive_DMA
                0x080016ac       0xe4 ..\obj\stm32f0xx_hal_uart.o
                0x080016ac                HAL_UART_Receive_DMA
 .text.HAL_UART_DMAResume
                0x08001790       0xb0 ..\obj\stm32f0xx_hal_uart.o
                0x08001790                HAL_UART_DMAResume
 .text.HAL_UART_DMAStop
                0x08001840       0x8c ..\obj\stm32f0xx_hal_uart.o
                0x08001840                HAL_UART_DMAStop
 .text.HAL_UART_TxHalfCpltCallback
                0x080018cc       0x10 ..\obj\stm32f0xx_hal_uart.o
                0x080018cc                HAL_UART_TxHalfCpltCallback
 .text.HAL_UART_RxHalfCpltCallback
                0x080018dc       0x10 ..\obj\stm32f0xx_hal_uart.o
                0x080018dc                HAL_UART_RxHalfCpltCallback
 .text.HAL_HalfDuplex_EnableTransmitter
                0x080018ec       0x60 ..\obj\stm32f0xx_hal_uart.o
                0x080018ec                HAL_HalfDuplex_EnableTransmitter
 .text.UART_CheckIdleState
                0x0800194c       0x7c ..\obj\stm32f0xx_hal_uart.o
                0x0800194c                UART_CheckIdleState
 .text.UART_WaitOnFlagUntilTimeout
                0x080019c8      0x134 ..\obj\stm32f0xx_hal_uart.o
                0x080019c8                UART_WaitOnFlagUntilTimeout
 .text.UART_DMATransmitCplt
                0x08001afc       0x7c ..\obj\stm32f0xx_hal_uart.o
 .text.UART_DMATxHalfCplt
                0x08001b78       0x1c ..\obj\stm32f0xx_hal_uart.o
 .text.UART_DMAReceiveCplt
                0x08001b94       0x50 ..\obj\stm32f0xx_hal_uart.o
 .text.UART_DMARxHalfCplt
                0x08001be4       0x1c ..\obj\stm32f0xx_hal_uart.o
 .text.UART_DMAError
                0x08001c00       0x40 ..\obj\stm32f0xx_hal_uart.o
 .text.UART_SetConfig
                0x08001c40      0x2a0 ..\obj\stm32f0xx_hal_uart.o
                0x08001c40                UART_SetConfig
 .text.UART_AdvFeatureConfig
                0x08001ee0      0x154 ..\obj\stm32f0xx_hal_uart.o
                0x08001ee0                UART_AdvFeatureConfig
 .text.getIDfromMessage
                0x08002034       0x34 ..\obj\bus.o
                0x08002034                getIDfromMessage
 .text.HAL_UART_RxCpltCallback
                0x08002068      0x154 ..\obj\bus.o
                0x08002068                HAL_UART_RxCpltCallback
 .text.HAL_UART_TxCpltCallback
                0x080021bc       0x64 ..\obj\bus.o
                0x080021bc                HAL_UART_TxCpltCallback
 .text.HAL_HalfDuplex_EnableTransmitterReceiver
                0x08002220       0x50 ..\obj\bus.o
                0x08002220                HAL_HalfDuplex_EnableTransmitterReceiver
 .text.HAL_UART_ErrorCallback
                0x08002270       0x48 ..\obj\bus.o
                0x08002270                HAL_UART_ErrorCallback
 .text.main     0x080022b8      0xea4 ..\obj\main.o
                0x080022b8                main
 .text.SystemClock_Config
                0x0800315c       0x94 ..\obj\main.o
                0x0800315c                SystemClock_Config
 .text.MX_SPI1_Init
                0x080031f0       0x74 ..\obj\main.o
 .text.MX_TIM16_Init
                0x08003264       0x44 ..\obj\main.o
 .text.MX_TIM17_Init
                0x080032a8       0x40 ..\obj\main.o
 .text.MX_USART1_UART_Init
                0x080032e8       0x58 ..\obj\main.o
 .text.MX_USART2_UART_Init
                0x08003340       0x58 ..\obj\main.o
 .text.MX_WWDG_Init
                0x08003398       0x30 ..\obj\main.o
 .text.MX_DMA_Init
                0x080033c8       0x38 ..\obj\main.o
 .text.MX_GPIO_Init
                0x08003400       0x7c ..\obj\main.o
 .text.Reset_Handler
                0x0800347c       0x4c ..\obj\startup_stm32f0xx.o
                0x0800347c                Reset_Handler
 .text.Default_Handler
                0x080034c8        0x2 ..\obj\startup_stm32f0xx.o
                0x080034c8                TIM1_CC_IRQHandler
                0x080034c8                HardFault_Handler
                0x080034c8                ADC1_COMP_IRQHandler
                0x080034c8                PVD_IRQHandler
                0x080034c8                PendSV_Handler
                0x080034c8                NMI_Handler
                0x080034c8                I2C1_IRQHandler
                0x080034c8                SPI1_IRQHandler
                0x080034c8                TIM6_DAC_IRQHandler
                0x080034c8                EXTI2_3_IRQHandler
                0x080034c8                I2C2_IRQHandler
                0x080034c8                TIM17_IRQHandler
                0x080034c8                RTC_IRQHandler
                0x080034c8                TIM16_IRQHandler
                0x080034c8                TIM3_IRQHandler
                0x080034c8                EXTI4_15_IRQHandler
                0x080034c8                RCC_IRQHandler
                0x080034c8                DMA1_Channel1_IRQHandler
                0x080034c8                Default_Handler
                0x080034c8                CEC_IRQHandler
                0x080034c8                TIM14_IRQHandler
                0x080034c8                TIM15_IRQHandler
                0x080034c8                EXTI0_1_IRQHandler
                0x080034c8                SPI2_IRQHandler
                0x080034c8                SVC_Handler
                0x080034c8                TS_IRQHandler
                0x080034c8                TIM2_IRQHandler
                0x080034c8                USART2_IRQHandler
                0x080034c8                FLASH_IRQHandler
                0x080034c8                USART1_IRQHandler
                0x080034c8                TIM1_BRK_UP_TRG_COM_IRQHandler
 *fill*         0x080034ca        0x2 
 .text.HAL_RCC_OscConfig
                0x080034cc      0x534 ..\obj\stm32f0xx_hal_rcc_ex.o
                0x080034cc                HAL_RCC_OscConfig
 .text.HAL_RCC_ClockConfig
                0x08003a00      0x2a8 ..\obj\stm32f0xx_hal_rcc_ex.o
                0x08003a00                HAL_RCC_ClockConfig
 .text.HAL_RCC_GetSysClockFreq
                0x08003ca8       0xa4 ..\obj\stm32f0xx_hal_rcc_ex.o
                0x08003ca8                HAL_RCC_GetSysClockFreq
 .text.HAL_RCCEx_PeriphCLKConfig
                0x08003d4c      0x164 ..\obj\stm32f0xx_hal_rcc_ex.o
                0x08003d4c                HAL_RCCEx_PeriphCLKConfig
 .text.HAL_FLASHEx_Erase
                0x08003eb0       0xf0 ..\obj\stm32f0xx_hal_flash_ex.o
                0x08003eb0                HAL_FLASHEx_Erase
 .text.FLASH_MassErase
                0x08003fa0       0x30 ..\obj\stm32f0xx_hal_flash_ex.o
 .text.HAL_DMA_Init
                0x08003fd0       0x80 ..\obj\stm32f0xx_hal_dma.o
                0x08003fd0                HAL_DMA_Init
 .text.HAL_DMA_Start_IT
                0x08004050       0x94 ..\obj\stm32f0xx_hal_dma.o
                0x08004050                HAL_DMA_Start_IT
 .text.HAL_DMA_Abort
                0x080040e4       0x80 ..\obj\stm32f0xx_hal_dma.o
                0x080040e4                HAL_DMA_Abort
 .text.HAL_DMA_IRQHandler
                0x08004164      0x2d4 ..\obj\stm32f0xx_hal_dma.o
                0x08004164                HAL_DMA_IRQHandler
 .text.DMA_SetConfig
                0x08004438       0x48 ..\obj\stm32f0xx_hal_dma.o
 .text.NVIC_EnableIRQ
                0x08004480       0x2c ..\obj\stm32f0xx_hal_cortex.o
 .text.NVIC_SetPriority
                0x080044ac       0xe0 ..\obj\stm32f0xx_hal_cortex.o
 .text.SysTick_Config
                0x0800458c       0x48 ..\obj\stm32f0xx_hal_cortex.o
 .text.HAL_NVIC_SetPriority
                0x080045d4       0x2c ..\obj\stm32f0xx_hal_cortex.o
                0x080045d4                HAL_NVIC_SetPriority
 .text.HAL_NVIC_EnableIRQ
                0x08004600       0x20 ..\obj\stm32f0xx_hal_cortex.o
                0x08004600                HAL_NVIC_EnableIRQ
 .text.HAL_SYSTICK_Config
                0x08004620       0x1c ..\obj\stm32f0xx_hal_cortex.o
                0x08004620                HAL_SYSTICK_Config
 .text.HAL_SYSTICK_CLKSourceConfig
                0x0800463c       0x34 ..\obj\stm32f0xx_hal_cortex.o
                0x0800463c                HAL_SYSTICK_CLKSourceConfig
 .text.HAL_SYSTICK_IRQHandler
                0x08004670        0xc ..\obj\stm32f0xx_hal_cortex.o
                0x08004670                HAL_SYSTICK_IRQHandler
 .text.HAL_SYSTICK_Callback
                0x0800467c        0x8 ..\obj\stm32f0xx_hal_cortex.o
                0x0800467c                HAL_SYSTICK_Callback
 .text.HAL_SPI_Init
                0x08004684      0x13c ..\obj\stm32f0xx_hal_spi.o
                0x08004684                HAL_SPI_Init
 .text.HAL_SPI_DeInit
                0x080047c0       0x84 ..\obj\stm32f0xx_hal_spi.o
                0x080047c0                HAL_SPI_DeInit
 .text.HAL_SPI_TransmitReceive
                0x08004844      0x460 ..\obj\stm32f0xx_hal_spi.o
                0x08004844                HAL_SPI_TransmitReceive
 .text.SPI_WaitFlagStateUntilTimeout
                0x08004ca4       0xd8 ..\obj\stm32f0xx_hal_spi.o
 .text.SPI_WaitFifoStateUntilTimeout
                0x08004d7c      0x100 ..\obj\stm32f0xx_hal_spi.o
 .text._sbrk    0x08004e7c       0x3c ..\obj\syscalls.o
                0x08004e7c                _sbrk
 .text.HAL_MspInit
                0x08004eb8       0x28 ..\obj\stm32f0xx_hal_msp.o
                0x08004eb8                HAL_MspInit
 .text.HAL_SPI_MspInit
                0x08004ee0       0x68 ..\obj\stm32f0xx_hal_msp.o
                0x08004ee0                HAL_SPI_MspInit
 .text.HAL_SPI_MspDeInit
                0x08004f48       0x3c ..\obj\stm32f0xx_hal_msp.o
                0x08004f48                HAL_SPI_MspDeInit
 .text.HAL_TIM_Base_MspInit
                0x08004f84       0x4c ..\obj\stm32f0xx_hal_msp.o
                0x08004f84                HAL_TIM_Base_MspInit
 .text.HAL_UART_MspInit
                0x08004fd0      0x1f8 ..\obj\stm32f0xx_hal_msp.o
                0x08004fd0                HAL_UART_MspInit
 .text.HAL_WWDG_MspInit
                0x080051c8       0x40 ..\obj\stm32f0xx_hal_msp.o
                0x080051c8                HAL_WWDG_MspInit
 .text.HAL_FLASH_Program
                0x08005208      0x134 ..\obj\stm32f0xx_hal_flash.o
                0x08005208                HAL_FLASH_Program
 .text.HAL_FLASH_Unlock
                0x0800533c       0x34 ..\obj\stm32f0xx_hal_flash.o
                0x0800533c                HAL_FLASH_Unlock
 .text.HAL_FLASH_Lock
                0x08005370       0x1c ..\obj\stm32f0xx_hal_flash.o
                0x08005370                HAL_FLASH_Lock
 .text.FLASH_PageErase
                0x0800538c       0x3c ..\obj\stm32f0xx_hal_flash.o
                0x0800538c                FLASH_PageErase
 .text.FLASH_Program_HalfWord
                0x080053c8       0x38 ..\obj\stm32f0xx_hal_flash.o
 .text.FLASH_WaitForLastOperation
                0x08005400       0x78 ..\obj\stm32f0xx_hal_flash.o
                0x08005400                FLASH_WaitForLastOperation
 .text.FLASH_SetErrorCode
                0x08005478       0x44 ..\obj\stm32f0xx_hal_flash.o
 .text.SystemInit
                0x080054bc       0x88 ..\obj\system_stm32f0xx.o
                0x080054bc                SystemInit
 .text.SysTick_Handler
                0x08005544       0x10 ..\obj\stm32f0xx_it.o
                0x08005544                SysTick_Handler
 .text.WWDG_IRQHandler
                0x08005554       0x14 ..\obj\stm32f0xx_it.o
                0x08005554                WWDG_IRQHandler
 .text.DMA1_Channel2_3_IRQHandler
                0x08005568       0x20 ..\obj\stm32f0xx_it.o
                0x08005568                DMA1_Channel2_3_IRQHandler
 .text.DMA1_Channel4_5_IRQHandler
                0x08005588       0x20 ..\obj\stm32f0xx_it.o
                0x08005588                DMA1_Channel4_5_IRQHandler
 .text.HAL_TIM_Base_Init
                0x080055a8       0x50 ..\obj\stm32f0xx_hal_tim.o
                0x080055a8                HAL_TIM_Base_Init
 .text.HAL_TIM_Base_Start
                0x080055f8       0x34 ..\obj\stm32f0xx_hal_tim.o
                0x080055f8                HAL_TIM_Base_Start
 .text.TIM_Base_SetConfig
                0x0800562c       0xf4 ..\obj\stm32f0xx_hal_tim.o
                0x0800562c                TIM_Base_SetConfig
 .text.uart_queue_initialize
                0x08005720       0x6c ..\obj\uart_queue.o
                0x08005720                uart_queue_initialize
 .text.uart_queue_is_empty
                0x0800578c       0x28 ..\obj\uart_queue.o
                0x0800578c                uart_queue_is_empty
 .text.uart_queue_pop_line
                0x080057b4       0x90 ..\obj\uart_queue.o
                0x080057b4                uart_queue_pop_line
 .text.uart_queue_replace_push_line
                0x08005844       0xac ..\obj\uart_queue.o
                0x08005844                uart_queue_replace_push_line
 .text.uart_queue_replace_line
                0x080058f0       0x30 ..\obj\uart_queue.o
                0x080058f0                uart_queue_replace_line
 .text.uart_queue_push_line
                0x08005920       0x94 ..\obj\uart_queue.o
                0x08005920                uart_queue_push_line
 .text.HAL_GPIO_Init
                0x080059b4      0x2f4 ..\obj\stm32f0xx_hal_gpio.o
                0x080059b4                HAL_GPIO_Init
 .text.HAL_GPIO_DeInit
                0x08005ca8      0x1bc ..\obj\stm32f0xx_hal_gpio.o
                0x08005ca8                HAL_GPIO_DeInit
 .text.HAL_GPIO_WritePin
                0x08005e64       0x34 ..\obj\stm32f0xx_hal_gpio.o
                0x08005e64                HAL_GPIO_WritePin
 .text.HAL_GPIO_TogglePin
                0x08005e98       0x24 ..\obj\stm32f0xx_hal_gpio.o
                0x08005e98                HAL_GPIO_TogglePin
 .text.ComputeCRC
                0x08005ebc      0x104 ..\obj\mlx90363.o
                0x08005ebc                ComputeCRC
 .text.UpdateCRCLine
                0x08005fc0       0x84 ..\obj\mlx90363.o
                0x08005fc0                UpdateCRCLine
 .text.ComputeCRCN
                0x08006044       0x80 ..\obj\mlx90363.o
                0x08006044                ComputeCRCN
 .text.init_1D  0x080060c4       0xf4 ..\obj\mlx90363.o
                0x080060c4                init_1D
 .text.get_1D_hex
                0x080061b8      0x1c0 ..\obj\mlx90363.o
                0x080061b8                get_1D_hex
 .text.init_2D  0x08006378      0x7b0 ..\obj\mlx90363.o
                0x08006378                init_2D
 .text.get_2D_hex
                0x08006b28      0x1ec ..\obj\mlx90363.o
                0x08006b28                get_2D_hex
 .text          0x08006d14       0x9c c:/coocox/coide/arm-none-eabi-gcc-4_8/bin/../lib/gcc/arm-none-eabi/4.8.4/armv6-m\libgcc.a(_udivsi3.o)
                0x08006d14                __aeabi_uidiv
                0x08006d14                __udivsi3
                0x08006d9c                __aeabi_uidivmod
 .text          0x08006db0       0xc0 c:/coocox/coide/arm-none-eabi-gcc-4_8/bin/../lib/gcc/arm-none-eabi/4.8.4/armv6-m\libgcc.a(_divsi3.o)
                0x08006db0                __divsi3
                0x08006db0                __aeabi_idiv
                0x08006e5c                __aeabi_idivmod
 .text          0x08006e70        0x4 c:/coocox/coide/arm-none-eabi-gcc-4_8/bin/../lib/gcc/arm-none-eabi/4.8.4/armv6-m\libgcc.a(_dvmd_tls.o)
                0x08006e70                __aeabi_idiv0
                0x08006e70                __aeabi_ldiv0
 .text          0x08006e74       0x3c c:/coocox/coide/arm-none-eabi-gcc-4_8/bin/../lib/gcc/arm-none-eabi/4.8.4/armv6-m\libgcc.a(_clzsi2.o)
                0x08006e74                __clzsi2
 .text.memcpy   0x08006eb0       0x12 c:/coocox/coide/arm-none-eabi-gcc-4_8/bin/../lib/gcc/arm-none-eabi/4.8.4/../../../../arm-none-eabi/lib/armv6-m\libg_s.a(lib_a-memcpy-stub.o)
                0x08006eb0                memcpy
 .text.strlen   0x08006ec2        0xe c:/coocox/coide/arm-none-eabi-gcc-4_8/bin/../lib/gcc/arm-none-eabi/4.8.4/../../../../arm-none-eabi/lib/armv6-m\libg_s.a(lib_a-strlen.o)
                0x08006ec2                strlen
 .text.__cvt    0x08006ed0       0xd0 c:/coocox/coide/arm-none-eabi-gcc-4_8/bin/../lib/gcc/arm-none-eabi/4.8.4/../../../../arm-none-eabi/lib/armv6-m\libg_s.a(lib_a-vfprintf_float.o)
                0x08006ed0                __cvt
 .text.__exponent
                0x08006fa0       0x6a c:/coocox/coide/arm-none-eabi-gcc-4_8/bin/../lib/gcc/arm-none-eabi/4.8.4/../../../../arm-none-eabi/lib/armv6-m\libg_s.a(lib_a-vfprintf_float.o)
                0x08006fa0                __exponent
 *fill*         0x0800700a        0x6 
 .text._printf_float
                0x08007010      0x458 c:/coocox/coide/arm-none-eabi-gcc-4_8/bin/../lib/gcc/arm-none-eabi/4.8.4/../../../../arm-none-eabi/lib/armv6-m\libg_s.a(lib_a-vfprintf_float.o)
                0x08007010                _printf_float
 .text._printf_common
                0x08007468       0xe8 c:/coocox/coide/arm-none-eabi-gcc-4_8/bin/../lib/gcc/arm-none-eabi/4.8.4/../../../../arm-none-eabi/lib/armv6-m\libg_s.a(lib_a-vfprintf_i.o)
                0x08007468                _printf_common
 .text.quorem   0x08007550      0x118 c:/coocox/coide/arm-none-eabi-gcc-4_8/bin/../lib/gcc/arm-none-eabi/4.8.4/../../../../arm-none-eabi/lib/armv6-m\libg_s.a(lib_a-dtoa.o)
 .text._dtoa_r  0x08007668      0xbb8 c:/coocox/coide/arm-none-eabi-gcc-4_8/bin/../lib/gcc/arm-none-eabi/4.8.4/../../../../arm-none-eabi/lib/armv6-m\libg_s.a(lib_a-dtoa.o)
                0x08007668                _dtoa_r
 .text._localeconv_r
                0x08008220        0x8 c:/coocox/coide/arm-none-eabi-gcc-4_8/bin/../lib/gcc/arm-none-eabi/4.8.4/../../../../arm-none-eabi/lib/armv6-m\libg_s.a(lib_a-locale.o)
                0x08008220                _localeconv_r
 .text.malloc   0x08008228       0x14 c:/coocox/coide/arm-none-eabi-gcc-4_8/bin/../lib/gcc/arm-none-eabi/4.8.4/../../../../arm-none-eabi/lib/armv6-m\libg_s.a(lib_a-malloc.o)
                0x08008228                malloc
 .text._Balloc  0x0800823c       0x70 c:/coocox/coide/arm-none-eabi-gcc-4_8/bin/../lib/gcc/arm-none-eabi/4.8.4/../../../../arm-none-eabi/lib/armv6-m\libg_s.a(lib_a-mprec.o)
                0x0800823c                _Balloc
 .text._Bfree   0x080082ac       0x32 c:/coocox/coide/arm-none-eabi-gcc-4_8/bin/../lib/gcc/arm-none-eabi/4.8.4/../../../../arm-none-eabi/lib/armv6-m\libg_s.a(lib_a-mprec.o)
                0x080082ac                _Bfree
 .text.__multadd
                0x080082de       0x7c c:/coocox/coide/arm-none-eabi-gcc-4_8/bin/../lib/gcc/arm-none-eabi/4.8.4/../../../../arm-none-eabi/lib/armv6-m\libg_s.a(lib_a-mprec.o)
                0x080082de                __multadd
 .text.__hi0bits
                0x0800835a       0x38 c:/coocox/coide/arm-none-eabi-gcc-4_8/bin/../lib/gcc/arm-none-eabi/4.8.4/../../../../arm-none-eabi/lib/armv6-m\libg_s.a(lib_a-mprec.o)
                0x0800835a                __hi0bits
 .text.__lo0bits
                0x08008392       0x5a c:/coocox/coide/arm-none-eabi-gcc-4_8/bin/../lib/gcc/arm-none-eabi/4.8.4/../../../../arm-none-eabi/lib/armv6-m\libg_s.a(lib_a-mprec.o)
                0x08008392                __lo0bits
 .text.__i2b    0x080083ec       0x12 c:/coocox/coide/arm-none-eabi-gcc-4_8/bin/../lib/gcc/arm-none-eabi/4.8.4/../../../../arm-none-eabi/lib/armv6-m\libg_s.a(lib_a-mprec.o)
                0x080083ec                __i2b
 .text.__multiply
                0x080083fe      0x11e c:/coocox/coide/arm-none-eabi-gcc-4_8/bin/../lib/gcc/arm-none-eabi/4.8.4/../../../../arm-none-eabi/lib/armv6-m\libg_s.a(lib_a-mprec.o)
                0x080083fe                __multiply
 .text.__pow5mult
                0x0800851c       0xa4 c:/coocox/coide/arm-none-eabi-gcc-4_8/bin/../lib/gcc/arm-none-eabi/4.8.4/../../../../arm-none-eabi/lib/armv6-m\libg_s.a(lib_a-mprec.o)
                0x0800851c                __pow5mult
 .text.__lshift
                0x080085c0       0xa4 c:/coocox/coide/arm-none-eabi-gcc-4_8/bin/../lib/gcc/arm-none-eabi/4.8.4/../../../../arm-none-eabi/lib/armv6-m\libg_s.a(lib_a-mprec.o)
                0x080085c0                __lshift
 .text.__mcmp   0x08008664       0x36 c:/coocox/coide/arm-none-eabi-gcc-4_8/bin/../lib/gcc/arm-none-eabi/4.8.4/../../../../arm-none-eabi/lib/armv6-m\libg_s.a(lib_a-mprec.o)
                0x08008664                __mcmp
 .text.__mdiff  0x0800869a       0xcc c:/coocox/coide/arm-none-eabi-gcc-4_8/bin/../lib/gcc/arm-none-eabi/4.8.4/../../../../arm-none-eabi/lib/armv6-m\libg_s.a(lib_a-mprec.o)
                0x0800869a                __mdiff
 *fill*         0x08008766        0x2 
 .text.__d2b    0x08008768       0xb0 c:/coocox/coide/arm-none-eabi-gcc-4_8/bin/../lib/gcc/arm-none-eabi/4.8.4/../../../../arm-none-eabi/lib/armv6-m\libg_s.a(lib_a-mprec.o)
                0x08008768                __d2b
 .text._calloc_r
                0x08008818       0x1c c:/coocox/coide/arm-none-eabi-gcc-4_8/bin/../lib/gcc/arm-none-eabi/4.8.4/../../../../arm-none-eabi/lib/armv6-m\libg_s.a(lib_a-nano-callocr.o)
                0x08008818                _calloc_r
 .text._malloc_r
                0x08008834       0xa8 c:/coocox/coide/arm-none-eabi-gcc-4_8/bin/../lib/gcc/arm-none-eabi/4.8.4/../../../../arm-none-eabi/lib/armv6-m\libg_s.a(lib_a-nano-mallocr.o)
                0x08008834                _malloc_r
 .text.__fpclassifyd
                0x080088dc       0x54 c:/coocox/coide/arm-none-eabi-gcc-4_8/bin/../lib/gcc/arm-none-eabi/4.8.4/../../../../arm-none-eabi/lib/armv6-m\libg_s.a(lib_a-s_fpclassify.o)
                0x080088dc                __fpclassifyd
 .text._sbrk_r  0x08008930       0x24 c:/coocox/coide/arm-none-eabi-gcc-4_8/bin/../lib/gcc/arm-none-eabi/4.8.4/../../../../arm-none-eabi/lib/armv6-m\libg_s.a(lib_a-sbrkr.o)
                0x08008930                _sbrk_r
 .text.memset   0x08008954       0x10 c:/coocox/coide/arm-none-eabi-gcc-4_8/bin/../lib/gcc/arm-none-eabi/4.8.4/../../../../arm-none-eabi/lib/armv6-m\libg_s.a(lib_a-memset.o)
                0x08008954                memset
 .text          0x08008964       0x14 c:/coocox/coide/arm-none-eabi-gcc-4_8/bin/../lib/gcc/arm-none-eabi/4.8.4/armv6-m\libgcc.a(_thumb1_case_uqi.o)
                0x08008964                __gnu_thumb1_case_uqi
 .text          0x08008978       0x7c c:/coocox/coide/arm-none-eabi-gcc-4_8/bin/../lib/gcc/arm-none-eabi/4.8.4/armv6-m\libgcc.a(_arm_cmpdf2.o)
                0x08008978                __aeabi_cdrcmple
                0x08008988                __aeabi_cdcmple
                0x08008988                __aeabi_cdcmpeq
                0x08008998                __aeabi_dcmpeq
                0x080089a4                __aeabi_dcmplt
                0x080089b8                __aeabi_dcmple
                0x080089cc                __aeabi_dcmpgt
                0x080089e0                __aeabi_dcmpge
 .text          0x080089f4      0x644 c:/coocox/coide/arm-none-eabi-gcc-4_8/bin/../lib/gcc/arm-none-eabi/4.8.4/armv6-m\libgcc.a(adddf3.o)
                0x080089f4                __aeabi_dadd
 .text          0x08009038      0x648 c:/coocox/coide/arm-none-eabi-gcc-4_8/bin/../lib/gcc/arm-none-eabi/4.8.4/armv6-m\libgcc.a(divdf3.o)
                0x08009038                __aeabi_ddiv
 .text          0x08009680       0x94 c:/coocox/coide/arm-none-eabi-gcc-4_8/bin/../lib/gcc/arm-none-eabi/4.8.4/armv6-m\libgcc.a(eqdf2.o)
                0x08009680                __nedf2
                0x08009680                __eqdf2
 .text          0x08009714       0xfc c:/coocox/coide/arm-none-eabi-gcc-4_8/bin/../lib/gcc/arm-none-eabi/4.8.4/armv6-m\libgcc.a(gedf2.o)
                0x08009714                __gedf2
                0x08009714                __gtdf2
 .text          0x08009810       0xfc c:/coocox/coide/arm-none-eabi-gcc-4_8/bin/../lib/gcc/arm-none-eabi/4.8.4/armv6-m\libgcc.a(ledf2.o)
                0x08009810                __ledf2
                0x08009810                __ltdf2
 .text          0x0800990c      0x520 c:/coocox/coide/arm-none-eabi-gcc-4_8/bin/../lib/gcc/arm-none-eabi/4.8.4/armv6-m\libgcc.a(muldf3.o)
                0x0800990c                __aeabi_dmul
 .text          0x08009e2c      0x668 c:/coocox/coide/arm-none-eabi-gcc-4_8/bin/../lib/gcc/arm-none-eabi/4.8.4/armv6-m\libgcc.a(subdf3.o)
                0x08009e2c                __aeabi_dsub
 .text          0x0800a494       0x68 c:/coocox/coide/arm-none-eabi-gcc-4_8/bin/../lib/gcc/arm-none-eabi/4.8.4/armv6-m\libgcc.a(fixdfsi.o)
                0x0800a494                __aeabi_d2iz
 .text          0x0800a4fc       0x7c c:/coocox/coide/arm-none-eabi-gcc-4_8/bin/../lib/gcc/arm-none-eabi/4.8.4/armv6-m\libgcc.a(floatsidf.o)
                0x0800a4fc                __aeabi_i2d
 .text          0x0800a578       0x68 c:/coocox/coide/arm-none-eabi-gcc-4_8/bin/../lib/gcc/arm-none-eabi/4.8.4/armv6-m\libgcc.a(floatunsidf.o)
                0x0800a578                __aeabi_ui2d
 *(.init)
 *(.fini)
 *crtbegin.o(.ctors)
 *crtbegin?.o(.ctors)
 *(EXCLUDE_FILE(*crtend.o *crtend?.o) .ctors)
 *(SORT(.ctors.*))
 *(.ctors)
 *crtbegin.o(.dtors)
 *crtbegin?.o(.dtors)
 *(EXCLUDE_FILE(*crtend.o *crtend?.o) .dtors)
 *(SORT(.dtors.*))
 *(.dtors)
 *(.rodata*)
 .rodata        0x0800a5e0       0x64 ..\obj\utility.o
 .rodata        0x0800a644       0x10 ..\obj\stm32f0xx_hal_rcc.o
                0x0800a644                APBAHBPrescTable
 .rodata        0x0800a654       0x24 ..\obj\main.o
 .rodata        0x0800a678       0x20 ..\obj\stm32f0xx_hal_rcc_ex.o
                0x0800a678                PLLMULFactorTable
                0x0800a688                PredivFactorTable
 .rodata.str1.1
                0x0800a698       0x12 c:/coocox/coide/arm-none-eabi-gcc-4_8/bin/../lib/gcc/arm-none-eabi/4.8.4/../../../../arm-none-eabi/lib/armv6-m\libg_s.a(lib_a-vfprintf_float.o)
 .rodata.str1.1
                0x0800a6aa        0xd c:/coocox/coide/arm-none-eabi-gcc-4_8/bin/../lib/gcc/arm-none-eabi/4.8.4/../../../../arm-none-eabi/lib/armv6-m\libg_s.a(lib_a-dtoa.o)
                                  0xf (size before relaxing)
 .rodata.str1.1
                0x0800a6b7        0xa c:/coocox/coide/arm-none-eabi-gcc-4_8/bin/../lib/gcc/arm-none-eabi/4.8.4/../../../../arm-none-eabi/lib/armv6-m\libg_s.a(lib_a-locale.o)
                                  0xb (size before relaxing)
 *fill*         0x0800a6c1        0x7 
 .rodata.__mprec_tens
                0x0800a6c8       0xc8 c:/coocox/coide/arm-none-eabi-gcc-4_8/bin/../lib/gcc/arm-none-eabi/4.8.4/../../../../arm-none-eabi/lib/armv6-m\libg_s.a(lib_a-mprec.o)
                0x0800a6c8                __mprec_tens
 .rodata.__mprec_bigtens
                0x0800a790       0x28 c:/coocox/coide/arm-none-eabi-gcc-4_8/bin/../lib/gcc/arm-none-eabi/4.8.4/../../../../arm-none-eabi/lib/armv6-m\libg_s.a(lib_a-mprec.o)
                0x0800a790                __mprec_bigtens
 .rodata.p05.5281
                0x0800a7b8        0xc c:/coocox/coide/arm-none-eabi-gcc-4_8/bin/../lib/gcc/arm-none-eabi/4.8.4/../../../../arm-none-eabi/lib/armv6-m\libg_s.a(lib_a-mprec.o)
 .rodata.str1.1
                0x00000000        0x2 c:/coocox/coide/arm-none-eabi-gcc-4_8/bin/../lib/gcc/arm-none-eabi/4.8.4/../../../../arm-none-eabi/lib/armv6-m\libg_s.a(lib_a-impure.o)
 .rodata        0x0800a7c4       0x40 c:/coocox/coide/arm-none-eabi-gcc-4_8/bin/../lib/gcc/arm-none-eabi/4.8.4/armv6-m\libgcc.a(divdf3.o)
 .rodata        0x0800a804       0x40 c:/coocox/coide/arm-none-eabi-gcc-4_8/bin/../lib/gcc/arm-none-eabi/4.8.4/armv6-m\libgcc.a(muldf3.o)
 *(.eh_fram e*)

.glue_7         0x0800a844        0x0
 .glue_7        0x00000000        0x0 linker stubs

.glue_7t        0x0800a844        0x0
 .glue_7t       0x00000000        0x0 linker stubs

.vfp11_veneer   0x0800a844        0x0
 .vfp11_veneer  0x00000000        0x0 linker stubs

.v4_bx          0x0800a844        0x0
 .v4_bx         0x00000000        0x0 linker stubs

.iplt           0x0800a844        0x0
 .iplt          0x00000000        0x0 ..\obj\stm32f0xx_hal_pwr.o

.rel.dyn        0x0800a844        0x0
 .rel.iplt      0x00000000        0x0 ..\obj\stm32f0xx_hal_pwr.o

.ARM.extab
 *(.ARM.extab* .gnu.linkonce.armextab.*)
                0x0800a844                __exidx_start = .

.ARM.exidx
 *(.ARM.exidx* .gnu.linkonce.armexidx.*)
                0x0800a844                __exidx_end = .
                0x0800a844                __etext = .
                0x0800a844                _sidata = __etext

.data           0x20000000      0x1b8 load address 0x0800a844
                0x20000000                __data_start__ = .
                0x20000000                _sdata = __data_start__
 *(vtable)
 *(.data*)
 .data          0x20000000        0x4 ..\obj\utility.o
                0x20000000                Memory_Page_Address
 .data          0x20000004        0x2 ..\obj\main.o
                0x20000004                WD_UP
                0x20000005                WD_DOWN
 *fill*         0x20000006        0x2 
 .data          0x20000008       0x14 ..\obj\system_stm32f0xx.o
                0x20000008                SystemCoreClock
                0x2000000c                AHBPrescTable
 .data          0x2000001c      0x100 ..\obj\mlx90363.o
                0x2000001c                CRCArray
 .data.lconv    0x2000011c       0x38 c:/coocox/coide/arm-none-eabi-gcc-4_8/bin/../lib/gcc/arm-none-eabi/4.8.4/../../../../arm-none-eabi/lib/armv6-m\libg_s.a(lib_a-locale.o)
 .data.impure_data
                0x20000154       0x60 c:/coocox/coide/arm-none-eabi-gcc-4_8/bin/../lib/gcc/arm-none-eabi/4.8.4/../../../../arm-none-eabi/lib/armv6-m\libg_s.a(lib_a-impure.o)
 .data._impure_ptr
                0x200001b4        0x4 c:/coocox/coide/arm-none-eabi-gcc-4_8/bin/../lib/gcc/arm-none-eabi/4.8.4/../../../../arm-none-eabi/lib/armv6-m\libg_s.a(lib_a-impure.o)
                0x200001b4                _impure_ptr
                0x200001b8                . = ALIGN (0x4)
                0x200001b8                PROVIDE (__preinit_array_start, .)
 *(.preinit_array)
                0x200001b8                PROVIDE (__preinit_array_end, .)
                0x200001b8                . = ALIGN (0x4)
                0x200001b8                PROVIDE (__init_array_start, .)
 *(SORT(.init_array.*))
 *(.init_array)
                0x200001b8                PROVIDE (__init_array_end, .)
                0x200001b8                . = ALIGN (0x4)
                0x200001b8                PROVIDE (__fini_array_start, .)
 *(SORT(.fini_array.*))
 *(.fini_array)
                0x200001b8                PROVIDE (__fini_array_end, .)
 *(.jcr*)
                0x200001b8                . = ALIGN (0x4)
                0x200001b8                __data_end__ = .
                0x200001b8                _edata = __data_end__

.igot.plt       0x200001b8        0x0 load address 0x0800a9fc
 .igot.plt      0x00000000        0x0 ..\obj\stm32f0xx_hal_pwr.o

.bss            0x200001b8     0x10b4 load address 0x0800aa00
                0x200001b8                . = ALIGN (0x4)
                0x200001b8                __bss_start__ = .
                0x200001b8                _sbss = __bss_start__
 *(.bss*)
 .bss           0x200001b8       0x20 ..\obj\utility.o
 .bss           0x200001d8        0x4 ..\obj\stm32f0xx_hal.o
 .bss           0x200001dc       0x18 ..\obj\main.o
                0x200001dc                down_command_counter
                0x200001dd                up_command_counter
                0x200001de                sensor_timer
                0x200001e0                init_timer
                0x200001e2                UP_RESEND_MESSAGE
                0x200001e3                DOWN_RESEND_MESSAGE
                0x200001e4                splitter_kids_counter
                0x200001ec                skc
 .bss           0x200001f4        0x4 ..\obj\syscalls.o
 .bss           0x200001f8        0x4 ..\obj\mlx90363.o
 .bss.__malloc_sbrk_start
                0x200001fc        0x4 c:/coocox/coide/arm-none-eabi-gcc-4_8/bin/../lib/gcc/arm-none-eabi/4.8.4/../../../../arm-none-eabi/lib/armv6-m\libg_s.a(lib_a-nano-mallocr.o)
                0x200001fc                __malloc_sbrk_start
 .bss.__malloc_free_list
                0x20000200        0x4 c:/coocox/coide/arm-none-eabi-gcc-4_8/bin/../lib/gcc/arm-none-eabi/4.8.4/../../../../arm-none-eabi/lib/armv6-m\libg_s.a(lib_a-nano-mallocr.o)
                0x20000200                __malloc_free_list
 *(COMMON)
 COMMON         0x20000204       0x94 ..\obj\utility.o
                0x20000204                setup_data
                0x20000254                down_buffer
                0x20000274                length
                0x20000275                direction_set
                0x20000278                up_buffer
 COMMON         0x20000298      0x639 ..\obj\main.o
                0x20000298                interrupt_down_timeout_time
                0x2000029c                poll_down_buffer
                0x20000374                data_mode
                0x20000378                send_down_line_now
                0x20000390                poll_up_size
                0x20000394                command_in_line
                0x200003ac                hdma_usart2_rx
                0x200003e4                DIRECTION_SET
                0x200003e8                MX_SPI1_Init_Pointer
                0x200003ec                n_splitter
                0x200003ed                receivedUP
                0x200003ee                transmittedDOWNtime
                0x200003f0                SET_FLASH
                0x200003f1                i_s_splitter
                0x200003f2                PROGRAMM_SENSOR
                0x200003f4                angles
                0x200003fc                htim17
                0x20000438                poll_up_buffer
                0x20000510                huart_UP
                0x20000514                DOWN_STATE
                0x20000515                poll_down_size
                0x20000518                interrupt_up_timeout_time
                0x2000051c                down_poll_counter
                0x2000051e                transmittedUPtime
                0x20000520                send_up_line
                0x20000538                init_message_line
                0x20000550                down_timeout_time
                0x20000554                get_up_time
                0x20000558                hdma_usart1_tx
                0x20000590                receivedDOWNtime
                0x20000594                ack_message_line
                0x200005ac                receivedUPtime
                0x200005b0                current_command_line
                0x200005c8                hdma_usart1_rx
                0x20000600                hdma_usart2_tx
                0x20000638                splitter_message_lines
                0x200006f8                i_p_splitter
                0x200006fc                huart1
                0x2000076c                up_timeout_time
                0x20000770                UP_STATE
                0x20000774                hwwdg
                0x20000788                transmittedDOWN
                0x20000789                transmittedUP
                0x2000078a                receivedDOWN
                0x2000078c                huart_DOWN
                0x20000790                sensor_message_line
                0x200007a8                hspi1
                0x2000080c                huart2
                0x2000087c                send_down_line
                0x20000894                htim16
                0x200008d0                up_poll_counter
 *fill*         0x200008d1        0x7 
 COMMON         0x200008d8       0x20 ..\obj\stm32f0xx_hal_flash.o
                0x200008d8                pFlash
 COMMON         0x200008f8      0x918 ..\obj\uart_queue.o
                0x200008f8                uart_command_queue
                0x20000c00                uart_output_queue
                0x20000f08                uart_input_queue
 COMMON         0x20001210       0x56 ..\obj\mlx90363.o
                0x20001210                u16_alpha_angle_lsb
                0x20001214                nop_answer
                0x2000121c                get1_answer
                0x20001224                f32_beta_angle_degrees
                0x20001228                get1_command
                0x20001230                u16_beta_angle_lsb
                0x20001234                f32_angle_degrees
                0x20001238                nop_command
                0x20001240                u8_crc_dec
                0x20001244                f32_alpha_angle_degrees
                0x20001248                u8_virtualgain_dec
                0x2000124c                SPI_MASTER_Buffer_Rx
                0x20001258                SPI_MASTER_Buffer_Tx
                0x20001261                u8_rollcnt_dec
                0x20001262                u8_error_lsb
                0x20001264                u16_angle_lsb
 *fill*         0x20001266        0x2 
 COMMON         0x20001268        0x4 c:/coocox/coide/arm-none-eabi-gcc-4_8/bin/../lib/gcc/arm-none-eabi/4.8.4/../../../../arm-none-eabi/lib/armv6-m\libg_s.a(lib_a-reent.o)
                0x20001268                errno
                0x2000126c                . = ALIGN (0x4)
                0x2000126c                __bss_end__ = .
                0x2000126c                _ebss = __bss_end__

.heap           0x2000126c        0x0
                0x2000126c                __end__ = .
                0x2000126c                _end = __end__
                0x2000126c                end = __end__
 *(.heap*)
                0x2000126c                __HeapLimit = .

.co_stack       0x2000126c        0x4 load address 0x0800bab4
                0x20001270                . = ALIGN (0x8)
 *fill*         0x2000126c        0x4 
 *(.co_stack .co_stack.*)
                0x20002000                __StackTop = (ORIGIN (ram) + 0x2000)
                0x20001ffc                __StackLimit = (__StackTop - SIZEOF (.co_stack))
                0x20002000                PROVIDE (__stack, __StackTop)
                0x00000001                ASSERT ((__StackLimit >= __HeapLimit), region ram  overflowed with stack)
LOAD ..\obj\stm32f0xx_hal_pwr.o
LOAD ..\obj\stm32f0xx_hal_wwdg.o
LOAD ..\obj\utility.o
LOAD ..\obj\stm32f0xx_hal_rcc.o
LOAD ..\obj\stm32f0xx_hal.o
LOAD ..\obj\74HC4051D.o
LOAD ..\obj\stm32f0xx_hal_uart.o
LOAD ..\obj\bus.o
LOAD ..\obj\main.o
LOAD ..\obj\startup_stm32f0xx.o
LOAD ..\obj\stm32f0xx_hal_rcc_ex.o
LOAD ..\obj\stm32f0xx_hal_flash_ex.o
LOAD ..\obj\stm32f0xx_hal_dma.o
LOAD ..\obj\stm32f0xx_hal_cortex.o
LOAD ..\obj\stm32f0xx_hal_spi.o
LOAD ..\obj\syscalls.o
LOAD ..\obj\stm32f0xx_hal_msp.o
LOAD ..\obj\stm32f0xx_hal_flash.o
LOAD ..\obj\system_stm32f0xx.o
LOAD ..\obj\stm32f0xx_it.o
LOAD ..\obj\stm32f0xx_hal_pwr_ex.o
LOAD ..\obj\stm32f0xx_hal_tim_ex.o
LOAD ..\obj\stm32f0xx_hal_uart_ex.o
LOAD ..\obj\stm32f0xx_hal_tim.o
LOAD ..\obj\uart_queue.o
LOAD ..\obj\stm32f0xx_hal_gpio.o
LOAD ..\obj\mlx90363.o
START GROUP
LOAD c:/coocox/coide/arm-none-eabi-gcc-4_8/bin/../lib/gcc/arm-none-eabi/4.8.4/armv6-m\libgcc.a
LOAD c:/coocox/coide/arm-none-eabi-gcc-4_8/bin/../lib/gcc/arm-none-eabi/4.8.4/../../../../arm-none-eabi/lib/armv6-m\libg_s.a
LOAD c:/coocox/coide/arm-none-eabi-gcc-4_8/bin/../lib/gcc/arm-none-eabi/4.8.4/../../../../arm-none-eabi/lib/armv6-m\libc_s.a
END GROUP
START GROUP
LOAD c:/coocox/coide/arm-none-eabi-gcc-4_8/bin/../lib/gcc/arm-none-eabi/4.8.4/armv6-m\libgcc.a
LOAD c:/coocox/coide/arm-none-eabi-gcc-4_8/bin/../lib/gcc/arm-none-eabi/4.8.4/../../../../arm-none-eabi/lib/armv6-m\libc_s.a
END GROUP
OUTPUT(f051-cube-first.elf elf32-littlearm)

.debug_info     0x00000000     0xdc52
 .debug_info    0x00000000      0x37c ..\obj\stm32f0xx_hal_wwdg.o
 .debug_info    0x0000037c     0x14c2 ..\obj\utility.o
 .debug_info    0x0000183e      0x635 ..\obj\stm32f0xx_hal_rcc.o
 .debug_info    0x00001e73      0x500 ..\obj\stm32f0xx_hal.o
 .debug_info    0x00002373      0x71b ..\obj\74HC4051D.o
 .debug_info    0x00002a8e      0xed4 ..\obj\stm32f0xx_hal_uart.o
 .debug_info    0x00003962      0xa22 ..\obj\bus.o
 .debug_info    0x00004384     0x1895 ..\obj\main.o
 .debug_info    0x00005c19       0xb9 ..\obj\startup_stm32f0xx.o
 .debug_info    0x00005cd2      0x567 ..\obj\stm32f0xx_hal_rcc_ex.o
 .debug_info    0x00006239      0x69d ..\obj\stm32f0xx_hal_flash_ex.o
 .debug_info    0x000068d6      0x52d ..\obj\stm32f0xx_hal_dma.o
 .debug_info    0x00006e03      0x682 ..\obj\stm32f0xx_hal_cortex.o
 .debug_info    0x00007485     0x123e ..\obj\stm32f0xx_hal_spi.o
 .debug_info    0x000086c3      0x3ee ..\obj\syscalls.o
 .debug_info    0x00008ab1      0xf2f ..\obj\stm32f0xx_hal_msp.o
 .debug_info    0x000099e0      0x4c5 ..\obj\stm32f0xx_hal_flash.o
 .debug_info    0x00009ea5      0x20b ..\obj\system_stm32f0xx.o
 .debug_info    0x0000a0b0      0x3a0 ..\obj\stm32f0xx_it.o
 .debug_info    0x0000a450     0x20ab ..\obj\stm32f0xx_hal_tim.o
 .debug_info    0x0000c4fb      0x439 ..\obj\uart_queue.o
 .debug_info    0x0000c934      0x5a5 ..\obj\stm32f0xx_hal_gpio.o
 .debug_info    0x0000ced9      0xd79 ..\obj\mlx90363.o

.debug_abbrev   0x00000000     0x2552
 .debug_abbrev  0x00000000      0x167 ..\obj\stm32f0xx_hal_wwdg.o
 .debug_abbrev  0x00000167      0x2d1 ..\obj\utility.o
 .debug_abbrev  0x00000438      0x1e3 ..\obj\stm32f0xx_hal_rcc.o
 .debug_abbrev  0x0000061b      0x192 ..\obj\stm32f0xx_hal.o
 .debug_abbrev  0x000007ad      0x15e ..\obj\74HC4051D.o
 .debug_abbrev  0x0000090b      0x19c ..\obj\stm32f0xx_hal_uart.o
 .debug_abbrev  0x00000aa7      0x1a5 ..\obj\bus.o
 .debug_abbrev  0x00000c4c      0x218 ..\obj\main.o
 .debug_abbrev  0x00000e64       0x12 ..\obj\startup_stm32f0xx.o
 .debug_abbrev  0x00000e76      0x17f ..\obj\stm32f0xx_hal_rcc_ex.o
 .debug_abbrev  0x00000ff5      0x1b9 ..\obj\stm32f0xx_hal_flash_ex.o
 .debug_abbrev  0x000011ae      0x175 ..\obj\stm32f0xx_hal_dma.o
 .debug_abbrev  0x00001323      0x224 ..\obj\stm32f0xx_hal_cortex.o
 .debug_abbrev  0x00001547      0x21a ..\obj\stm32f0xx_hal_spi.o
 .debug_abbrev  0x00001761       0xe2 ..\obj\syscalls.o
 .debug_abbrev  0x00001843      0x1a7 ..\obj\stm32f0xx_hal_msp.o
 .debug_abbrev  0x000019ea      0x1ca ..\obj\stm32f0xx_hal_flash.o
 .debug_abbrev  0x00001bb4       0xee ..\obj\system_stm32f0xx.o
 .debug_abbrev  0x00001ca2       0xfe ..\obj\stm32f0xx_it.o
 .debug_abbrev  0x00001da0      0x218 ..\obj\stm32f0xx_hal_tim.o
 .debug_abbrev  0x00001fb8      0x1a2 ..\obj\uart_queue.o
 .debug_abbrev  0x0000215a      0x1a6 ..\obj\stm32f0xx_hal_gpio.o
 .debug_abbrev  0x00002300      0x252 ..\obj\mlx90363.o

.debug_aranges  0x00000000      0xe58
 .debug_aranges
                0x00000000       0x68 ..\obj\stm32f0xx_hal_wwdg.o
 .debug_aranges
                0x00000068       0xa8 ..\obj\utility.o
 .debug_aranges
                0x00000110       0x80 ..\obj\stm32f0xx_hal_rcc.o
 .debug_aranges
                0x00000190       0xa0 ..\obj\stm32f0xx_hal.o
 .debug_aranges
                0x00000230       0x38 ..\obj\74HC4051D.o
 .debug_aranges
                0x00000268      0x148 ..\obj\stm32f0xx_hal_uart.o
 .debug_aranges
                0x000003b0       0x48 ..\obj\bus.o
 .debug_aranges
                0x000003f8       0x68 ..\obj\main.o
 .debug_aranges
                0x00000460       0x28 ..\obj\startup_stm32f0xx.o
 .debug_aranges
                0x00000488       0x40 ..\obj\stm32f0xx_hal_rcc_ex.o
 .debug_aranges
                0x000004c8       0x88 ..\obj\stm32f0xx_hal_flash_ex.o
 .debug_aranges
                0x00000550       0x68 ..\obj\stm32f0xx_hal_dma.o
 .debug_aranges
                0x000005b8       0xc0 ..\obj\stm32f0xx_hal_cortex.o
 .debug_aranges
                0x00000678      0x1b8 ..\obj\stm32f0xx_hal_spi.o
 .debug_aranges
                0x00000830       0x60 ..\obj\syscalls.o
 .debug_aranges
                0x00000890       0x60 ..\obj\stm32f0xx_hal_msp.o
 .debug_aranges
                0x000008f0       0x90 ..\obj\stm32f0xx_hal_flash.o
 .debug_aranges
                0x00000980       0x28 ..\obj\system_stm32f0xx.o
 .debug_aranges
                0x000009a8       0x38 ..\obj\stm32f0xx_it.o
 .debug_aranges
                0x000009e0      0x368 ..\obj\stm32f0xx_hal_tim.o
 .debug_aranges
                0x00000d48       0x58 ..\obj\uart_queue.o
 .debug_aranges
                0x00000da0       0x58 ..\obj\stm32f0xx_hal_gpio.o
 .debug_aranges
                0x00000df8       0x60 ..\obj\mlx90363.o

.debug_ranges   0x00000000      0xcf0
 .debug_ranges  0x00000000       0x58 ..\obj\stm32f0xx_hal_wwdg.o
 .debug_ranges  0x00000058       0x98 ..\obj\utility.o
 .debug_ranges  0x000000f0       0x70 ..\obj\stm32f0xx_hal_rcc.o
 .debug_ranges  0x00000160       0x90 ..\obj\stm32f0xx_hal.o
 .debug_ranges  0x000001f0       0x28 ..\obj\74HC4051D.o
 .debug_ranges  0x00000218      0x138 ..\obj\stm32f0xx_hal_uart.o
 .debug_ranges  0x00000350       0x38 ..\obj\bus.o
 .debug_ranges  0x00000388       0x58 ..\obj\main.o
 .debug_ranges  0x000003e0       0x20 ..\obj\startup_stm32f0xx.o
 .debug_ranges  0x00000400       0x30 ..\obj\stm32f0xx_hal_rcc_ex.o
 .debug_ranges  0x00000430       0x78 ..\obj\stm32f0xx_hal_flash_ex.o
 .debug_ranges  0x000004a8       0x58 ..\obj\stm32f0xx_hal_dma.o
 .debug_ranges  0x00000500       0xb0 ..\obj\stm32f0xx_hal_cortex.o
 .debug_ranges  0x000005b0      0x1a8 ..\obj\stm32f0xx_hal_spi.o
 .debug_ranges  0x00000758       0x50 ..\obj\syscalls.o
 .debug_ranges  0x000007a8       0x50 ..\obj\stm32f0xx_hal_msp.o
 .debug_ranges  0x000007f8       0x80 ..\obj\stm32f0xx_hal_flash.o
 .debug_ranges  0x00000878       0x18 ..\obj\system_stm32f0xx.o
 .debug_ranges  0x00000890       0x28 ..\obj\stm32f0xx_it.o
 .debug_ranges  0x000008b8      0x358 ..\obj\stm32f0xx_hal_tim.o
 .debug_ranges  0x00000c10       0x48 ..\obj\uart_queue.o
 .debug_ranges  0x00000c58       0x48 ..\obj\stm32f0xx_hal_gpio.o
 .debug_ranges  0x00000ca0       0x50 ..\obj\mlx90363.o

.debug_line     0x00000000     0x6ac9
 .debug_line    0x00000000      0x33f ..\obj\stm32f0xx_hal_wwdg.o
 .debug_line    0x0000033f      0x609 ..\obj\utility.o
 .debug_line    0x00000948      0x347 ..\obj\stm32f0xx_hal_rcc.o
 .debug_line    0x00000c8f      0x375 ..\obj\stm32f0xx_hal.o
 .debug_line    0x00001004      0x250 ..\obj\74HC4051D.o
 .debug_line    0x00001254      0x89c ..\obj\stm32f0xx_hal_uart.o
 .debug_line    0x00001af0      0x2e5 ..\obj\bus.o
 .debug_line    0x00001dd5      0x5cd ..\obj\main.o
 .debug_line    0x000023a2       0xb2 ..\obj\startup_stm32f0xx.o
 .debug_line    0x00002454      0x443 ..\obj\stm32f0xx_hal_rcc_ex.o
 .debug_line    0x00002897      0x3dc ..\obj\stm32f0xx_hal_flash_ex.o
 .debug_line    0x00002c73      0x4ff ..\obj\stm32f0xx_hal_dma.o
 .debug_line    0x00003172      0x3bc ..\obj\stm32f0xx_hal_cortex.o
 .debug_line    0x0000352e      0xb1f ..\obj\stm32f0xx_hal_spi.o
 .debug_line    0x0000404d      0x167 ..\obj\syscalls.o
 .debug_line    0x000041b4      0x34c ..\obj\stm32f0xx_hal_msp.o
 .debug_line    0x00004500      0x3df ..\obj\stm32f0xx_hal_flash.o
 .debug_line    0x000048df      0x1da ..\obj\system_stm32f0xx.o
 .debug_line    0x00004ab9      0x23d ..\obj\stm32f0xx_it.o
 .debug_line    0x00004cf6     0x1321 ..\obj\stm32f0xx_hal_tim.o
 .debug_line    0x00006017      0x28f ..\obj\uart_queue.o
 .debug_line    0x000062a6      0x358 ..\obj\stm32f0xx_hal_gpio.o
 .debug_line    0x000065fe      0x4cb ..\obj\mlx90363.o

.debug_str      0x00000000     0x44bb
 .debug_str     0x00000000      0x319 ..\obj\stm32f0xx_hal_wwdg.o
                                0x37e (size before relaxing)
 .debug_str     0x00000319      0xcdf ..\obj\utility.o
                                0xf09 (size before relaxing)
 .debug_str     0x00000ff8      0x328 ..\obj\stm32f0xx_hal_rcc.o
                                0x537 (size before relaxing)
 .debug_str     0x00001320      0x375 ..\obj\stm32f0xx_hal.o
                                0x54c (size before relaxing)
 .debug_str     0x00001695       0x97 ..\obj\74HC4051D.o
                                0x6a1 (size before relaxing)
 .debug_str     0x0000172c      0x44f ..\obj\stm32f0xx_hal_uart.o
                                0xaac (size before relaxing)
 .debug_str     0x00001b7b      0x18f ..\obj\bus.o
                                0xa31 (size before relaxing)
 .debug_str     0x00001d0a      0x3aa ..\obj\main.o
                               0x1577 (size before relaxing)
 .debug_str     0x000020b4       0xeb ..\obj\stm32f0xx_hal_rcc_ex.o
                                0x4d9 (size before relaxing)
 .debug_str     0x0000219f      0x35d ..\obj\stm32f0xx_hal_flash_ex.o
                                0x5b0 (size before relaxing)
 .debug_str     0x000024fc      0x16f ..\obj\stm32f0xx_hal_dma.o
                                0x4ab (size before relaxing)
 .debug_str     0x0000266b      0x223 ..\obj\stm32f0xx_hal_cortex.o
                                0x5c0 (size before relaxing)
 .debug_str     0x0000288e      0x4de ..\obj\stm32f0xx_hal_spi.o
                                0xa42 (size before relaxing)
 .debug_str     0x00002d6c      0x165 ..\obj\syscalls.o
                                0x2de (size before relaxing)
 .debug_str     0x00002ed1       0x78 ..\obj\stm32f0xx_hal_msp.o
                                0xd3d (size before relaxing)
 .debug_str     0x00002f49      0x1d1 ..\obj\stm32f0xx_hal_flash.o
                                0x4d9 (size before relaxing)
 .debug_str     0x0000311a       0xb0 ..\obj\system_stm32f0xx.o
                                0x250 (size before relaxing)
 .debug_str     0x000031ca       0x83 ..\obj\stm32f0xx_it.o
                                0x481 (size before relaxing)
 .debug_str     0x0000324d      0xd24 ..\obj\stm32f0xx_hal_tim.o
                               0x128d (size before relaxing)
 .debug_str     0x00003f71       0xfd ..\obj\uart_queue.o
                                0x2fc (size before relaxing)
 .debug_str     0x0000406e      0x168 ..\obj\stm32f0xx_hal_gpio.o
                                0x3c4 (size before relaxing)
 .debug_str     0x000041d6      0x2e5 ..\obj\mlx90363.o
                                0x946 (size before relaxing)

.comment        0x00000000       0x70
 .comment       0x00000000       0x70 ..\obj\stm32f0xx_hal_wwdg.o
                                 0x71 (size before relaxing)
 .comment       0x00000000       0x71 ..\obj\utility.o
 .comment       0x00000000       0x71 ..\obj\stm32f0xx_hal_rcc.o
 .comment       0x00000000       0x71 ..\obj\stm32f0xx_hal.o
 .comment       0x00000000       0x71 ..\obj\74HC4051D.o
 .comment       0x00000000       0x71 ..\obj\stm32f0xx_hal_uart.o
 .comment       0x00000000       0x71 ..\obj\bus.o
 .comment       0x00000000       0x71 ..\obj\main.o
 .comment       0x00000000       0x71 ..\obj\stm32f0xx_hal_rcc_ex.o
 .comment       0x00000000       0x71 ..\obj\stm32f0xx_hal_flash_ex.o
 .comment       0x00000000       0x71 ..\obj\stm32f0xx_hal_dma.o
 .comment       0x00000000       0x71 ..\obj\stm32f0xx_hal_cortex.o
 .comment       0x00000000       0x71 ..\obj\stm32f0xx_hal_spi.o
 .comment       0x00000000       0x71 ..\obj\syscalls.o
 .comment       0x00000000       0x71 ..\obj\stm32f0xx_hal_msp.o
 .comment       0x00000000       0x71 ..\obj\stm32f0xx_hal_flash.o
 .comment       0x00000000       0x71 ..\obj\system_stm32f0xx.o
 .comment       0x00000000       0x71 ..\obj\stm32f0xx_it.o
 .comment       0x00000000       0x71 ..\obj\stm32f0xx_hal_tim.o
 .comment       0x00000000       0x71 ..\obj\uart_queue.o
 .comment       0x00000000       0x71 ..\obj\stm32f0xx_hal_gpio.o
 .comment       0x00000000       0x71 ..\obj\mlx90363.o

.ARM.attributes
                0x00000000       0x2f
 .ARM.attributes
                0x00000000       0x31 ..\obj\stm32f0xx_hal_wwdg.o
 .ARM.attributes
                0x00000031       0x31 ..\obj\utility.o
 .ARM.attributes
                0x00000062       0x31 ..\obj\stm32f0xx_hal_rcc.o
 .ARM.attributes
                0x00000093       0x31 ..\obj\stm32f0xx_hal.o
 .ARM.attributes
                0x000000c4       0x31 ..\obj\74HC4051D.o
 .ARM.attributes
                0x000000f5       0x31 ..\obj\stm32f0xx_hal_uart.o
 .ARM.attributes
                0x00000126       0x31 ..\obj\bus.o
 .ARM.attributes
                0x00000157       0x31 ..\obj\main.o
 .ARM.attributes
                0x00000188       0x21 ..\obj\startup_stm32f0xx.o
 .ARM.attributes
                0x000001a9       0x31 ..\obj\stm32f0xx_hal_rcc_ex.o
 .ARM.attributes
                0x000001da       0x31 ..\obj\stm32f0xx_hal_flash_ex.o
 .ARM.attributes
                0x0000020b       0x31 ..\obj\stm32f0xx_hal_dma.o
 .ARM.attributes
                0x0000023c       0x31 ..\obj\stm32f0xx_hal_cortex.o
 .ARM.attributes
                0x0000026d       0x31 ..\obj\stm32f0xx_hal_spi.o
 .ARM.attributes
                0x0000029e       0x31 ..\obj\syscalls.o
 .ARM.attributes
                0x000002cf       0x31 ..\obj\stm32f0xx_hal_msp.o
 .ARM.attributes
                0x00000300       0x31 ..\obj\stm32f0xx_hal_flash.o
 .ARM.attributes
                0x00000331       0x31 ..\obj\system_stm32f0xx.o
 .ARM.attributes
                0x00000362       0x31 ..\obj\stm32f0xx_it.o
 .ARM.attributes
                0x00000393       0x31 ..\obj\stm32f0xx_hal_tim.o
 .ARM.attributes
                0x000003c4       0x31 ..\obj\uart_queue.o
 .ARM.attributes
                0x000003f5       0x31 ..\obj\stm32f0xx_hal_gpio.o
 .ARM.attributes
                0x00000426       0x31 ..\obj\mlx90363.o
 .ARM.attributes
                0x00000457       0x1e c:/coocox/coide/arm-none-eabi-gcc-4_8/bin/../lib/gcc/arm-none-eabi/4.8.4/armv6-m\libgcc.a(_udivsi3.o)
 .ARM.attributes
                0x00000475       0x1e c:/coocox/coide/arm-none-eabi-gcc-4_8/bin/../lib/gcc/arm-none-eabi/4.8.4/armv6-m\libgcc.a(_divsi3.o)
 .ARM.attributes
                0x00000493       0x1e c:/coocox/coide/arm-none-eabi-gcc-4_8/bin/../lib/gcc/arm-none-eabi/4.8.4/armv6-m\libgcc.a(_dvmd_tls.o)
 .ARM.attributes
                0x000004b1       0x1e c:/coocox/coide/arm-none-eabi-gcc-4_8/bin/../lib/gcc/arm-none-eabi/4.8.4/armv6-m\libgcc.a(_clzsi2.o)
 .ARM.attributes
                0x000004cf       0x2c c:/coocox/coide/arm-none-eabi-gcc-4_8/bin/../lib/gcc/arm-none-eabi/4.8.4/../../../../arm-none-eabi/lib/armv6-m\libg_s.a(lib_a-memcpy-stub.o)
 .ARM.attributes
                0x000004fb       0x2c c:/coocox/coide/arm-none-eabi-gcc-4_8/bin/../lib/gcc/arm-none-eabi/4.8.4/../../../../arm-none-eabi/lib/armv6-m\libg_s.a(lib_a-strlen.o)
 .ARM.attributes
                0x00000527       0x2c c:/coocox/coide/arm-none-eabi-gcc-4_8/bin/../lib/gcc/arm-none-eabi/4.8.4/../../../../arm-none-eabi/lib/armv6-m\libg_s.a(lib_a-vfprintf_float.o)
 .ARM.attributes
                0x00000553       0x2c c:/coocox/coide/arm-none-eabi-gcc-4_8/bin/../lib/gcc/arm-none-eabi/4.8.4/../../../../arm-none-eabi/lib/armv6-m\libg_s.a(lib_a-vfprintf_i.o)
 .ARM.attributes
                0x0000057f       0x2c c:/coocox/coide/arm-none-eabi-gcc-4_8/bin/../lib/gcc/arm-none-eabi/4.8.4/../../../../arm-none-eabi/lib/armv6-m\libg_s.a(lib_a-dtoa.o)
 .ARM.attributes
                0x000005ab       0x2c c:/coocox/coide/arm-none-eabi-gcc-4_8/bin/../lib/gcc/arm-none-eabi/4.8.4/../../../../arm-none-eabi/lib/armv6-m\libg_s.a(lib_a-locale.o)
 .ARM.attributes
                0x000005d7       0x2c c:/coocox/coide/arm-none-eabi-gcc-4_8/bin/../lib/gcc/arm-none-eabi/4.8.4/../../../../arm-none-eabi/lib/armv6-m\libg_s.a(lib_a-malloc.o)
 .ARM.attributes
                0x00000603       0x2c c:/coocox/coide/arm-none-eabi-gcc-4_8/bin/../lib/gcc/arm-none-eabi/4.8.4/../../../../arm-none-eabi/lib/armv6-m\libg_s.a(lib_a-mprec.o)
 .ARM.attributes
                0x0000062f       0x2c c:/coocox/coide/arm-none-eabi-gcc-4_8/bin/../lib/gcc/arm-none-eabi/4.8.4/../../../../arm-none-eabi/lib/armv6-m\libg_s.a(lib_a-nano-callocr.o)
 .ARM.attributes
                0x0000065b       0x2c c:/coocox/coide/arm-none-eabi-gcc-4_8/bin/../lib/gcc/arm-none-eabi/4.8.4/../../../../arm-none-eabi/lib/armv6-m\libg_s.a(lib_a-nano-mallocr.o)
 .ARM.attributes
                0x00000687       0x2c c:/coocox/coide/arm-none-eabi-gcc-4_8/bin/../lib/gcc/arm-none-eabi/4.8.4/../../../../arm-none-eabi/lib/armv6-m\libg_s.a(lib_a-s_fpclassify.o)
 .ARM.attributes
                0x000006b3       0x2c c:/coocox/coide/arm-none-eabi-gcc-4_8/bin/../lib/gcc/arm-none-eabi/4.8.4/../../../../arm-none-eabi/lib/armv6-m\libg_s.a(lib_a-sbrkr.o)
 .ARM.attributes
                0x000006df       0x2c c:/coocox/coide/arm-none-eabi-gcc-4_8/bin/../lib/gcc/arm-none-eabi/4.8.4/../../../../arm-none-eabi/lib/armv6-m\libg_s.a(lib_a-impure.o)
 .ARM.attributes
                0x0000070b       0x2c c:/coocox/coide/arm-none-eabi-gcc-4_8/bin/../lib/gcc/arm-none-eabi/4.8.4/../../../../arm-none-eabi/lib/armv6-m\libg_s.a(lib_a-memset.o)
 .ARM.attributes
                0x00000737       0x2c c:/coocox/coide/arm-none-eabi-gcc-4_8/bin/../lib/gcc/arm-none-eabi/4.8.4/../../../../arm-none-eabi/lib/armv6-m\libg_s.a(lib_a-reent.o)
 .ARM.attributes
                0x00000763       0x1e c:/coocox/coide/arm-none-eabi-gcc-4_8/bin/../lib/gcc/arm-none-eabi/4.8.4/armv6-m\libgcc.a(_thumb1_case_uqi.o)
 .ARM.attributes
                0x00000781       0x1e c:/coocox/coide/arm-none-eabi-gcc-4_8/bin/../lib/gcc/arm-none-eabi/4.8.4/armv6-m\libgcc.a(_arm_cmpdf2.o)
 .ARM.attributes
                0x0000079f       0x2c c:/coocox/coide/arm-none-eabi-gcc-4_8/bin/../lib/gcc/arm-none-eabi/4.8.4/armv6-m\libgcc.a(adddf3.o)
 .ARM.attributes
                0x000007cb       0x2c c:/coocox/coide/arm-none-eabi-gcc-4_8/bin/../lib/gcc/arm-none-eabi/4.8.4/armv6-m\libgcc.a(divdf3.o)
 .ARM.attributes
                0x000007f7       0x2c c:/coocox/coide/arm-none-eabi-gcc-4_8/bin/../lib/gcc/arm-none-eabi/4.8.4/armv6-m\libgcc.a(eqdf2.o)
 .ARM.attributes
                0x00000823       0x2c c:/coocox/coide/arm-none-eabi-gcc-4_8/bin/../lib/gcc/arm-none-eabi/4.8.4/armv6-m\libgcc.a(gedf2.o)
 .ARM.attributes
                0x0000084f       0x2c c:/coocox/coide/arm-none-eabi-gcc-4_8/bin/../lib/gcc/arm-none-eabi/4.8.4/armv6-m\libgcc.a(ledf2.o)
 .ARM.attributes
                0x0000087b       0x2c c:/coocox/coide/arm-none-eabi-gcc-4_8/bin/../lib/gcc/arm-none-eabi/4.8.4/armv6-m\libgcc.a(muldf3.o)
 .ARM.attributes
                0x000008a7       0x2c c:/coocox/coide/arm-none-eabi-gcc-4_8/bin/../lib/gcc/arm-none-eabi/4.8.4/armv6-m\libgcc.a(subdf3.o)
 .ARM.attributes
                0x000008d3       0x2c c:/coocox/coide/arm-none-eabi-gcc-4_8/bin/../lib/gcc/arm-none-eabi/4.8.4/armv6-m\libgcc.a(fixdfsi.o)
 .ARM.attributes
                0x000008ff       0x2c c:/coocox/coide/arm-none-eabi-gcc-4_8/bin/../lib/gcc/arm-none-eabi/4.8.4/armv6-m\libgcc.a(floatsidf.o)
 .ARM.attributes
                0x0000092b       0x2c c:/coocox/coide/arm-none-eabi-gcc-4_8/bin/../lib/gcc/arm-none-eabi/4.8.4/armv6-m\libgcc.a(floatunsidf.o)

.debug_frame    0x00000000     0x391c
 .debug_frame   0x00000000      0x150 ..\obj\stm32f0xx_hal_wwdg.o
 .debug_frame   0x00000150      0x248 ..\obj\utility.o
 .debug_frame   0x00000398      0x190 ..\obj\stm32f0xx_hal_rcc.o
 .debug_frame   0x00000528      0x1f4 ..\obj\stm32f0xx_hal.o
 .debug_frame   0x0000071c       0x90 ..\obj\74HC4051D.o
 .debug_frame   0x000007ac      0x4d0 ..\obj\stm32f0xx_hal_uart.o
 .debug_frame   0x00000c7c       0xcc ..\obj\bus.o
 .debug_frame   0x00000d48      0x138 ..\obj\main.o
 .debug_frame   0x00000e80       0xb0 ..\obj\stm32f0xx_hal_rcc_ex.o
 .debug_frame   0x00000f30      0x1c4 ..\obj\stm32f0xx_hal_flash_ex.o
 .debug_frame   0x000010f4      0x150 ..\obj\stm32f0xx_hal_dma.o
 .debug_frame   0x00001244      0x2a4 ..\obj\stm32f0xx_hal_cortex.o
 .debug_frame   0x000014e8      0x690 ..\obj\stm32f0xx_hal_spi.o
 .debug_frame   0x00001b78      0x12c ..\obj\syscalls.o
 .debug_frame   0x00001ca4      0x12c ..\obj\stm32f0xx_hal_msp.o
 .debug_frame   0x00001dd0      0x1dc ..\obj\stm32f0xx_hal_flash.o
 .debug_frame   0x00001fac       0x4c ..\obj\system_stm32f0xx.o
 .debug_frame   0x00001ff8       0x80 ..\obj\stm32f0xx_it.o
 .debug_frame   0x00002078      0xd50 ..\obj\stm32f0xx_hal_tim.o
 .debug_frame   0x00002dc8      0x110 ..\obj\uart_queue.o
 .debug_frame   0x00002ed8      0x110 ..\obj\stm32f0xx_hal_gpio.o
 .debug_frame   0x00002fe8      0x144 ..\obj\mlx90363.o
 .debug_frame   0x0000312c       0x20 c:/coocox/coide/arm-none-eabi-gcc-4_8/bin/../lib/gcc/arm-none-eabi/4.8.4/armv6-m\libgcc.a(_udivsi3.o)
 .debug_frame   0x0000314c       0x20 c:/coocox/coide/arm-none-eabi-gcc-4_8/bin/../lib/gcc/arm-none-eabi/4.8.4/armv6-m\libgcc.a(_divsi3.o)
 .debug_frame   0x0000316c       0x28 c:/coocox/coide/arm-none-eabi-gcc-4_8/bin/../lib/gcc/arm-none-eabi/4.8.4/../../../../arm-none-eabi/lib/armv6-m\libg_s.a(lib_a-memcpy-stub.o)
 .debug_frame   0x00003194       0x20 c:/coocox/coide/arm-none-eabi-gcc-4_8/bin/../lib/gcc/arm-none-eabi/4.8.4/../../../../arm-none-eabi/lib/armv6-m\libg_s.a(lib_a-strlen.o)
 .debug_frame   0x000031b4       0x70 c:/coocox/coide/arm-none-eabi-gcc-4_8/bin/../lib/gcc/arm-none-eabi/4.8.4/../../../../arm-none-eabi/lib/armv6-m\libg_s.a(lib_a-vfprintf_float.o)
 .debug_frame   0x00003224       0x54 c:/coocox/coide/arm-none-eabi-gcc-4_8/bin/../lib/gcc/arm-none-eabi/4.8.4/../../../../arm-none-eabi/lib/armv6-m\libg_s.a(lib_a-vfprintf_i.o)
 .debug_frame   0x00003278       0x54 c:/coocox/coide/arm-none-eabi-gcc-4_8/bin/../lib/gcc/arm-none-eabi/4.8.4/../../../../arm-none-eabi/lib/armv6-m\libg_s.a(lib_a-dtoa.o)
 .debug_frame   0x000032cc       0xa4 c:/coocox/coide/arm-none-eabi-gcc-4_8/bin/../lib/gcc/arm-none-eabi/4.8.4/../../../../arm-none-eabi/lib/armv6-m\libg_s.a(lib_a-locale.o)
 .debug_frame   0x00003370       0x40 c:/coocox/coide/arm-none-eabi-gcc-4_8/bin/../lib/gcc/arm-none-eabi/4.8.4/../../../../arm-none-eabi/lib/armv6-m\libg_s.a(lib_a-malloc.o)
 .debug_frame   0x000033b0      0x230 c:/coocox/coide/arm-none-eabi-gcc-4_8/bin/../lib/gcc/arm-none-eabi/4.8.4/../../../../arm-none-eabi/lib/armv6-m\libg_s.a(lib_a-mprec.o)
 .debug_frame   0x000035e0       0x2c c:/coocox/coide/arm-none-eabi-gcc-4_8/bin/../lib/gcc/arm-none-eabi/4.8.4/../../../../arm-none-eabi/lib/armv6-m\libg_s.a(lib_a-nano-callocr.o)
 .debug_frame   0x0000360c       0x2c c:/coocox/coide/arm-none-eabi-gcc-4_8/bin/../lib/gcc/arm-none-eabi/4.8.4/../../../../arm-none-eabi/lib/armv6-m\libg_s.a(lib_a-nano-mallocr.o)
 .debug_frame   0x00003638       0x2c c:/coocox/coide/arm-none-eabi-gcc-4_8/bin/../lib/gcc/arm-none-eabi/4.8.4/../../../../arm-none-eabi/lib/armv6-m\libg_s.a(lib_a-s_fpclassify.o)
 .debug_frame   0x00003664       0x2c c:/coocox/coide/arm-none-eabi-gcc-4_8/bin/../lib/gcc/arm-none-eabi/4.8.4/../../../../arm-none-eabi/lib/armv6-m\libg_s.a(lib_a-sbrkr.o)
 .debug_frame   0x00003690       0x20 c:/coocox/coide/arm-none-eabi-gcc-4_8/bin/../lib/gcc/arm-none-eabi/4.8.4/../../../../arm-none-eabi/lib/armv6-m\libg_s.a(lib_a-memset.o)
 .debug_frame   0x000036b0       0x48 c:/coocox/coide/arm-none-eabi-gcc-4_8/bin/../lib/gcc/arm-none-eabi/4.8.4/../../../../arm-none-eabi/lib/armv6-m\libg_s.a(lib_a-reent.o)
 .debug_frame   0x000036f8       0x3c c:/coocox/coide/arm-none-eabi-gcc-4_8/bin/../lib/gcc/arm-none-eabi/4.8.4/armv6-m\libgcc.a(adddf3.o)
 .debug_frame   0x00003734       0x3c c:/coocox/coide/arm-none-eabi-gcc-4_8/bin/../lib/gcc/arm-none-eabi/4.8.4/armv6-m\libgcc.a(divdf3.o)
 .debug_frame   0x00003770       0x3c c:/coocox/coide/arm-none-eabi-gcc-4_8/bin/../lib/gcc/arm-none-eabi/4.8.4/armv6-m\libgcc.a(eqdf2.o)
 .debug_frame   0x000037ac       0x38 c:/coocox/coide/arm-none-eabi-gcc-4_8/bin/../lib/gcc/arm-none-eabi/4.8.4/armv6-m\libgcc.a(gedf2.o)
 .debug_frame   0x000037e4       0x3c c:/coocox/coide/arm-none-eabi-gcc-4_8/bin/../lib/gcc/arm-none-eabi/4.8.4/armv6-m\libgcc.a(ledf2.o)
 .debug_frame   0x00003820       0x3c c:/coocox/coide/arm-none-eabi-gcc-4_8/bin/../lib/gcc/arm-none-eabi/4.8.4/armv6-m\libgcc.a(muldf3.o)
 .debug_frame   0x0000385c       0x3c c:/coocox/coide/arm-none-eabi-gcc-4_8/bin/../lib/gcc/arm-none-eabi/4.8.4/armv6-m\libgcc.a(subdf3.o)
 .debug_frame   0x00003898       0x2c c:/coocox/coide/arm-none-eabi-gcc-4_8/bin/../lib/gcc/arm-none-eabi/4.8.4/armv6-m\libgcc.a(fixdfsi.o)
 .debug_frame   0x000038c4       0x30 c:/coocox/coide/arm-none-eabi-gcc-4_8/bin/../lib/gcc/arm-none-eabi/4.8.4/armv6-m\libgcc.a(floatsidf.o)
 .debug_frame   0x000038f4       0x28 c:/coocox/coide/arm-none-eabi-gcc-4_8/bin/../lib/gcc/arm-none-eabi/4.8.4/armv6-m\libgcc.a(floatunsidf.o)
